{"bool": true, "false": false, "int": 42, "str": "\"hello world!\"", "unquoted": "float"}